cmath:338:3:constexpr float std::log(float)	16	static
measurement.hpp:39:2:measurement_temperature_c::measurement_temperature_c()	16	static
cmath:415:5:constexpr typename __gnu_cxx::__promote_2<_Tp, _Up>::__type std::pow(_Tp, _Up) [with _Tp = int; _Up = int]	24	static
measurement.hpp:57:7:void measurement_temperature_c::read_analog_value_via_thermistor(ADC_HandleTypeDef*, uint32_t)	64	static
measurement.hpp:91:7:void measurement_temperature_c::read_temp_via_tem36(ADC_HandleTypeDef*, uint32_t)	56	static
FastKalmanFilter.hpp:61:2:fast_kalman_filter_t::fast_kalman_filter_t(double, double, double, double, double, double)	64	static
FastKalmanFilter.hpp:81:9:double fast_kalman_filter_t::get_tmp36_estimation(double, double)	40	static
FastKalmanFilter.hpp:109:9:double fast_kalman_filter_t::get_thermistor_estimation(double, double)	40	static
MainStart.cpp:4:5:int main()	8	static
MainStart.cpp:27:1:void __static_initialization_and_destruction_0(int, int)	16	static
MainStart.cpp:27:1:cpp)	8	static
